// Jest Snapshot v1, https://goo.gl/fbAQLP

exports[`description snapshots 1`] = `
<DocumentFragment>
  <div
    class="emotion-0"
  >
    This is Component A
  </div>
</DocumentFragment>
`;
